------------------------------------------------------------
Timing Analyzer Summary
------------------------------------------------------------

Type  : Slow 1100mV 85C Model Setup 'KEY[0]'
Slack : -12.505
TNS   : -1193.891

Type  : Slow 1100mV 85C Model Setup 'CLOCK_50'
Slack : -2.867
TNS   : -2.867

Type  : Slow 1100mV 85C Model Hold 'CLOCK_50'
Slack : 0.737
TNS   : 0.000

Type  : Slow 1100mV 85C Model Hold 'KEY[0]'
Slack : 1.109
TNS   : 0.000

Type  : Slow 1100mV 85C Model Minimum Pulse Width 'CLOCK_50'
Slack : -0.721
TNS   : -1.259

Type  : Slow 1100mV 85C Model Minimum Pulse Width 'KEY[0]'
Slack : -0.538
TNS   : -106.745

Type  : Slow 1100mV 0C Model Setup 'KEY[0]'
Slack : -12.171
TNS   : -1165.652

Type  : Slow 1100mV 0C Model Setup 'CLOCK_50'
Slack : -2.826
TNS   : -2.826

Type  : Slow 1100mV 0C Model Hold 'CLOCK_50'
Slack : 0.593
TNS   : 0.000

Type  : Slow 1100mV 0C Model Hold 'KEY[0]'
Slack : 1.077
TNS   : 0.000

Type  : Slow 1100mV 0C Model Minimum Pulse Width 'CLOCK_50'
Slack : -0.712
TNS   : -1.263

Type  : Slow 1100mV 0C Model Minimum Pulse Width 'KEY[0]'
Slack : -0.557
TNS   : -115.955

Type  : Fast 1100mV 85C Model Setup 'KEY[0]'
Slack : -6.086
TNS   : -568.373

Type  : Fast 1100mV 85C Model Setup 'CLOCK_50'
Slack : -2.247
TNS   : -2.247

Type  : Fast 1100mV 85C Model Hold 'CLOCK_50'
Slack : 0.282
TNS   : 0.000

Type  : Fast 1100mV 85C Model Hold 'KEY[0]'
Slack : 0.546
TNS   : 0.000

Type  : Fast 1100mV 85C Model Minimum Pulse Width 'CLOCK_50'
Slack : -0.769
TNS   : -1.353

Type  : Fast 1100mV 85C Model Minimum Pulse Width 'KEY[0]'
Slack : -0.646
TNS   : -96.987

Type  : Fast 1100mV 0C Model Setup 'KEY[0]'
Slack : -5.444
TNS   : -507.521

Type  : Fast 1100mV 0C Model Setup 'CLOCK_50'
Slack : -2.096
TNS   : -2.096

Type  : Fast 1100mV 0C Model Hold 'CLOCK_50'
Slack : 0.147
TNS   : 0.000

Type  : Fast 1100mV 0C Model Hold 'KEY[0]'
Slack : 0.488
TNS   : 0.000

Type  : Fast 1100mV 0C Model Minimum Pulse Width 'CLOCK_50'
Slack : -0.763
TNS   : -1.400

Type  : Fast 1100mV 0C Model Minimum Pulse Width 'KEY[0]'
Slack : -0.698
TNS   : -111.614

------------------------------------------------------------
